// Jest Snapshot v1, https://goo.gl/fbAQLP

exports[`SearchType renders correctly 1`] = `
<select
  onChange={[Function]}
  type="text"
  value="all"
>
  <option
    value="all"
  >
    all
  </option>
  <option
    value="photo"
  >
    photo
  </option>
  <option
    value="illustration"
  >
    illustration
  </option>
  <option
    value="vector"
  >
    vector
  </option>
</select>
`;
